============================= test session starts =============================
platform win32 -- Python 3.14.4, pytest-9.0.3, pluggy-1.6.0 -- C:\Users\thesa\AppData\Local\Python\pythoncore-3.14-64\python.exe
cachedir: .pytest_cache
rootdir: C:\Users\thesa\claude kalshi
configfile: pyproject.toml
plugins: cov-7.1.0
collecting ... collected 763 items

tests/test_ab_test.py::TestABTest::test_pick_variant_returns_valid_variant PASSED [  0%]
tests/test_ab_test.py::TestABTest::test_pick_variant_round_robins_to_least_traded PASSED [  0%]
tests/test_ab_test.py::TestABTest::test_record_outcome_increments_trades_and_wins PASSED [  0%]
tests/test_ab_test.py::TestABTest::test_auto_disable_low_performer PASSED [  0%]
tests/test_ab_test.py::TestABTest::test_summary_has_required_keys PASSED [  0%]
tests/test_ab_test.py::TestABTest::test_get_active_variant_fallback PASSED [  0%]
tests/test_ab_test.py::TestABTest::test_list_all_summaries_returns_dict PASSED [  0%]
tests/test_ab_test.py::TestABTest::test_list_all_summaries_includes_saved_test PASSED [  1%]
tests/test_ab_test.py::TestABTest::test_get_active_variant_returns_least_traded PASSED [  1%]
tests/test_ab_test.py::TestABTest::test_record_outcome_unknown_variant_is_noop PASSED [  1%]
tests/test_ab_test.py::TestABTest::test_pick_variant_all_exhausted_falls_back_to_control PASSED [  1%]
tests/test_backtest_stratified.py::TestStratifiedTrainTestSplit::test_grpb_split_all_strata_in_holdout PASSED [  1%]
tests/test_backtest_stratified.py::TestStratifiedTrainTestSplit::test_grpb_split_empty_returns_empty PASSED [  1%]
tests/test_backtest_stratified.py::TestStratifiedTrainTestSplit::test_grpb_split_holdout_fraction_approximately_correct PASSED [  1%]
tests/test_backtest_stratified.py::TestStratifiedTrainTestSplit::test_grpb_split_holdout_is_most_recent PASSED [  1%]
tests/test_backtest_stratified.py::TestStratifiedTrainTestSplit::test_grpb_split_no_overlap PASSED [  2%]
tests/test_backtest_stratified.py::TestStratifiedTrainTestSplit::test_grpb_split_single_record_stratum_goes_to_holdout PASSED [  2%]
tests/test_backtest_stratified.py::TestStratifiedTrainTestSplit::test_grpb_split_total_equals_input PASSED [  2%]
tests/test_calibration.py::TestCalibrateSeasonalWeights::test_returns_weights_summing_to_one PASSED [  2%]
tests/test_calibration.py::TestCalibrateSeasonalWeights::test_below_threshold_omits_season PASSED [  2%]
tests/test_calibration.py::TestCalibrateSeasonalWeights::test_rows_without_source_probs_not_counted PASSED [  2%]
tests/test_calibration.py::TestCalibrateCityWeights::test_returns_weights_for_qualifying_city PASSED [  2%]
tests/test_calibration.py::TestCalibrateCityWeights::test_below_threshold_omits_city PASSED [  3%]
tests/test_calibration.py::TestLoadWeights::test_load_seasonal_missing_file_returns_empty PASSED [  3%]
tests/test_calibration.py::TestLoadWeights::test_load_seasonal_valid_json_returns_dict PASSED [  3%]
tests/test_calibration.py::TestLoadWeights::test_load_seasonal_corrupt_json_returns_empty PASSED [  3%]
tests/test_calibration.py::TestLoadWeights::test_load_city_missing_file_returns_empty PASSED [  3%]
tests/test_calibration.py::TestLoadWeights::test_load_city_valid_json_returns_dict PASSED [  3%]
tests/test_calibration.py::TestCalibrateCLI::test_calibrate_writes_seasonal_json PASSED [  3%]
tests/test_cloud_backup.py::test_cloud_backup_skipped_without_env PASSED [  3%]
tests/test_cloud_backup.py::test_cloud_backup_uploads_to_s3 PASSED       [  4%]
tests/test_cloud_backup.py::test_cloud_backup_fails_gracefully_on_s3_error PASSED [  4%]
tests/test_cloud_backup.py::test_backup_to_s3_calls_upload PASSED        [  4%]
tests/test_cloud_backup.py::test_backup_to_s3_skips_when_boto3_missing PASSED [  4%]
tests/test_cloud_backup.py::test_backup_to_s3_skips_without_env PASSED   [  4%]
tests/test_confidence_tiers.py::TestGetMinEdgeForConfidence::test_high_confidence_low_spread PASSED [  4%]
tests/test_confidence_tiers.py::TestGetMinEdgeForConfidence::test_moderate_confidence_medium_spread PASSED [  4%]
tests/test_confidence_tiers.py::TestGetMinEdgeForConfidence::test_low_confidence_wide_spread PASSED [  4%]
tests/test_confidence_tiers.py::TestGetMinEdgeForConfidence::test_live_thresholds_higher PASSED [  5%]
tests/test_confidence_tiers.py::TestGetMinEdgeForConfidence::test_zero_spread_is_high PASSED [  5%]
tests/test_confidence_tiers.py::TestGetMinEdgeForConfidence::test_boundary_005_is_moderate PASSED [  5%]
tests/test_confidence_tiers.py::TestGetMinEdgeForConfidence::test_classify_confidence_returns_string PASSED [  5%]
tests/test_consistency.py::TestConsistency::test_different_series_not_compared PASSED [  5%]
tests/test_consistency.py::TestConsistency::test_no_violation_when_monotone PASSED [  5%]
tests/test_consistency.py::TestConsistency::test_single_market_no_violation PASSED [  5%]
tests/test_consistency.py::TestConsistency::test_violation_detected PASSED [  6%]
tests/test_data_freshness.py::test_forecast_max_age_secs_is_positive_int PASSED [  6%]
tests/test_data_freshness.py::test_analyze_trade_rejects_stale_data PASSED [  6%]
tests/test_data_freshness.py::test_analyze_trade_accepts_fresh_data PASSED [  6%]
tests/test_data_freshness.py::test_analyze_trade_no_fetched_at_is_treated_as_fresh PASSED [  6%]
tests/test_data_freshness.py::test_enrich_with_forecast_stamps_data_fetched_at PASSED [  6%]
tests/test_debug_fixes.py::TestAnalysisAttemptsUpsert::test_batch_does_not_overwrite_was_traded_true PASSED [  6%]
tests/test_debug_fixes.py::TestAnalysisAttemptsUpsert::test_batch_can_set_was_traded_true PASSED [  6%]
tests/test_debug_fixes.py::TestAnalysisAttemptsUpsert::test_fresh_rows_are_still_inserted PASSED [  7%]
tests/test_debug_fixes.py::TestEnvVarFallback::test_bad_drawdown_env_var_uses_default PASSED [  7%]
tests/test_debug_fixes.py::TestEnvVarFallback::test_bad_max_daily_loss_env_var_uses_default PASSED [  7%]
tests/test_debug_fixes.py::TestEnvVarFallback::test_bad_position_age_int_var_uses_default PASSED [  7%]
tests/test_debug_fixes.py::TestEnvVarFallback::test_valid_env_var_is_used PASSED [  7%]
tests/test_debug_fixes.py::TestEntryProbFalsyZero::test_covariance_kelly_uses_zero_entry_prob_not_half PASSED [  7%]
tests/test_debug_fixes.py::TestEntryProbFalsyZero::test_pnl_decomposition_uses_zero_entry_prob PASSED [  7%]
tests/test_debug_fixes.py::TestPlacePaperOrderValidation::test_invalid_side_raises PASSED [  7%]
tests/test_debug_fixes.py::TestPlacePaperOrderValidation::test_yes_side_accepted PASSED [  8%]
tests/test_debug_fixes.py::TestPlacePaperOrderValidation::test_no_side_accepted PASSED [  8%]
tests/test_debug_fixes.py::TestPlacePaperOrderValidation::test_entry_prob_above_one_raises PASSED [  8%]
tests/test_debug_fixes.py::TestPlacePaperOrderValidation::test_entry_prob_negative_raises PASSED [  8%]
tests/test_debug_fixes.py::TestPlacePaperOrderValidation::test_entry_prob_zero_accepted PASSED [  8%]
tests/test_debug_fixes.py::TestPlacePaperOrderValidation::test_entry_prob_one_accepted PASSED [  8%]
tests/test_debug_fixes.py::TestPlacePaperOrderValidation::test_entry_price_zero_raises PASSED [  8%]
tests/test_debug_fixes.py::TestPlacePaperOrderValidation::test_entry_price_above_one_raises PASSED [  9%]
tests/test_debug_fixes.py::TestLogPredictionWarning::test_log_prediction_failure_emits_warning PASSED [  9%]
tests/test_debug_fixes.py::TestSyncOutcomesWarning::test_sync_outcomes_logs_on_client_error PASSED [  9%]
tests/test_dedup.py::test_was_traded_today_false_for_new_ticker PASSED   [  9%]
tests/test_dedup.py::test_was_traded_today_true_after_order PASSED       [  9%]
tests/test_dedup.py::test_was_traded_today_false_for_different_side PASSED [  9%]
tests/test_dedup.py::test_was_traded_today_false_for_different_ticker PASSED [  9%]
tests/test_dedup.py::test_auto_place_trades_skips_already_traded_today PASSED [  9%]
tests/test_drawdown_tiers.py::TestDrawdownScalingFactor::test_no_drawdown_full_kelly PASSED [ 10%]
tests/test_drawdown_tiers.py::TestDrawdownScalingFactor::test_5pct_drawdown_full_kelly PASSED [ 10%]
tests/test_drawdown_tiers.py::TestDrawdownScalingFactor::test_10pct_drawdown_half_kelly PASSED [ 10%]
tests/test_drawdown_tiers.py::TestDrawdownScalingFactor::test_15pct_drawdown_half_kelly PASSED [ 10%]
tests/test_drawdown_tiers.py::TestDrawdownScalingFactor::test_20pct_drawdown_survival_mode PASSED [ 10%]
tests/test_drawdown_tiers.py::TestDrawdownScalingFactor::test_35pct_drawdown_survival_mode PASSED [ 10%]
tests/test_drawdown_tiers.py::TestDrawdownScalingFactor::test_40pct_drawdown_paused PASSED [ 10%]
tests/test_drawdown_tiers.py::TestDrawdownScalingFactor::test_50pct_drawdown_paused PASSED [ 11%]
tests/test_drawdown_tiers.py::TestDrawdownScalingFactor::test_zero_peak_balance_returns_one PASSED [ 11%]
tests/test_ecmwf.py::TestECMWFAIFS::test_fetch_temperature_ecmwf_returns_float_or_none PASSED [ 11%]
tests/test_ecmwf.py::TestECMWFAIFS::test_fetch_temperature_ecmwf_none_on_failure PASSED [ 11%]
tests/test_ecmwf.py::TestECMWFAIFS::test_ecmwf_in_extended_ensemble PASSED [ 11%]
tests/test_ecmwf.py::TestECMWFAIFS::test_ecmwf_spread_computation PASSED [ 11%]
tests/test_ecmwf.py::TestECMWFAIFS::test_spread_single_valid_member_returns_zero PASSED [ 11%]
tests/test_edge_threshold.py::test_paper_min_edge_is_at_most_5_pct PASSED [ 11%]
tests/test_edge_threshold.py::test_paper_min_edge_is_lower_than_min_edge PASSED [ 12%]
tests/test_edge_threshold.py::test_paper_min_edge_is_positive PASSED     [ 12%]
tests/test_edge_threshold.py::test_paper_min_edge_5pct_passes_filter PASSED [ 12%]
tests/test_edge_threshold.py::test_old_min_edge_would_have_blocked_5pct PASSED [ 12%]
tests/test_edge_version.py::test_edge_calc_version_is_string PASSED      [ 12%]
tests/test_edge_version.py::test_analyze_trade_returns_edge_version PASSED [ 12%]
tests/test_edge_version.py::test_precip_fast_path_stamps_edge_version PASSED [ 12%]
tests/test_execution_log.py::TestExecutionLogMigration::test_forecast_cycle_and_live_columns_exist PASSED [ 12%]
tests/test_execution_log.py::TestExecutionLogMigration::test_was_ordered_this_cycle_true PASSED [ 13%]
tests/test_execution_log.py::TestExecutionLogMigration::test_was_ordered_this_cycle_false_different_cycle PASSED [ 13%]
tests/test_execution_log.py::TestExecutionLogMigration::test_was_ordered_this_cycle_true_for_cancelled PASSED [ 13%]
tests/test_execution_log.py::TestExecutionLogMigration::test_log_order_stores_cycle_and_live_flag PASSED [ 13%]
tests/test_execution_log.py::TestDailyLiveLoss::test_daily_live_loss_accumulates PASSED [ 13%]
tests/test_execution_log.py::TestDailyLiveLoss::test_daily_live_loss_returns_zero_for_new_day PASSED [ 13%]
tests/test_execution_log.py::TestDailyLiveLoss::test_daily_live_loss_add_returns_new_total PASSED [ 13%]
tests/test_execution_log.py::TestLiveSettlement::test_record_live_settlement_writes_outcome PASSED [ 14%]
tests/test_execution_log.py::TestLiveSettlement::test_get_filled_unsettled_excludes_settled_orders PASSED [ 14%]
tests/test_execution_log.py::TestLiveSettlement::test_export_live_tax_csv_filters_by_year PASSED [ 14%]
tests/test_execution_log.py::TestLiveSettlement::test_get_live_pnl_summary_correct PASSED [ 14%]
tests/test_execution_proof.py::test_auto_place_trades_returns_placed_count PASSED [ 14%]
tests/test_execution_proof.py::test_auto_place_trades_returns_zero_when_halted PASSED [ 14%]
tests/test_execution_proof.py::test_auto_place_trades_logs_paper_failure PASSED [ 14%]
tests/test_execution_proof.py::test_auto_place_trades_logs_analysis_attempt_failure PASSED [ 14%]
tests/test_execution_stability.py::TestWriteCronRunningFlag::test_flag_written_at_start PASSED [ 15%]
tests/test_execution_stability.py::TestWriteCronRunningFlag::test_flag_cleared_at_end PASSED [ 15%]
tests/test_execution_stability.py::TestWriteCronRunningFlag::test_stale_flag_no_warning PASSED [ 15%]
tests/test_execution_stability.py::TestWriteCronRunningFlag::test_fresh_flag_triggers_warning PASSED [ 15%]
tests/test_execution_stability.py::TestWriteCronRunningFlag::test_clear_missing_flag_is_noop PASSED [ 15%]
tests/test_execution_stability.py::TestCheckStartupOrders::test_recent_order_triggers_warning PASSED [ 15%]
tests/test_execution_stability.py::TestCheckStartupOrders::test_old_order_no_warning PASSED [ 15%]
tests/test_execution_stability.py::TestCheckStartupOrders::test_no_orders_no_warning PASSED [ 15%]
tests/test_execution_stability.py::TestCheckStartupOrders::test_get_recent_orders_failure_does_not_raise PASSED [ 16%]
tests/test_execution_stability.py::TestCronLock::test_lock_acquired_when_no_file PASSED [ 16%]
tests/test_execution_stability.py::TestCronLock::test_lock_denied_when_fresh_file_exists PASSED [ 16%]
tests/test_execution_stability.py::TestCronLock::test_stale_lock_overridden PASSED [ 16%]
tests/test_execution_stability.py::TestCronLock::test_release_lock_removes_file PASSED [ 16%]
tests/test_execution_stability.py::TestCronLock::test_release_missing_lock_is_noop PASSED [ 16%]
tests/test_execution_stability.py::TestCronLock::test_cmd_cron_exits_early_when_lock_denied PASSED [ 16%]
tests/test_execution_stability.py::TestCronLock::test_lock_released_in_finally FAILED [ 17%]
tests/test_flash_crash_cb.py::TestFlashCrashCB::test_no_crash_on_first_observation PASSED [ 17%]
tests/test_flash_crash_cb.py::TestFlashCrashCB::test_no_crash_on_small_move PASSED [ 17%]
tests/test_flash_crash_cb.py::TestFlashCrashCB::test_crash_on_large_move PASSED [ 17%]
tests/test_flash_crash_cb.py::TestFlashCrashCB::test_cooldown_prevents_trading PASSED [ 17%]
tests/test_flash_crash_cb.py::TestFlashCrashCB::test_different_tickers_independent PASSED [ 17%]
tests/test_flash_crash_cb.py::TestFlashCrashCB::test_no_cooldown_on_clean_ticker PASSED [ 17%]
tests/test_flash_crash_cb.py::TestFlashCrashCB::test_cooldown_expires PASSED [ 17%]
tests/test_flash_crash_cb.py::TestFlashCrashCB::test_upward_spike_also_triggers PASSED [ 18%]
tests/test_forecasting.py::TestDynamicModelWeights::test_returns_none_when_insufficient_samples PASSED [ 18%]
tests/test_forecasting.py::TestDynamicModelWeights::test_returns_inverse_mae_weights PASSED [ 18%]
tests/test_forecasting.py::TestDynamicModelWeights::test_returns_none_when_tracker_empty PASSED [ 18%]
tests/test_forecasting.py::TestDynamicModelWeights::test_used_as_first_priority_in_forecast_model_weights PASSED [ 18%]
tests/test_forecasting.py::TestPersistenceProb::test_above_condition PASSED [ 18%]
tests/test_forecasting.py::TestPersistenceProb::test_below_condition PASSED [ 18%]
tests/test_forecasting.py::TestPersistenceProb::test_between_condition PASSED [ 19%]
tests/test_forecasting.py::TestPersistenceProb::test_returns_none_for_zero_std PASSED [ 19%]
tests/test_forecasting.py::TestPersistenceProb::test_analyze_trade_blends_persistence_for_short_horizon PASSED [ 19%]
tests/test_forecasting.py::TestEnsoPhase::test_el_nino_returns_correct_label PASSED [ 19%]
tests/test_forecasting.py::TestEnsoPhase::test_la_nina_returns_correct_label PASSED [ 19%]
tests/test_forecasting.py::TestEnsoPhase::test_neutral_returns_correct_label PASSED [ 19%]
tests/test_forecasting.py::TestEnsoPhase::test_none_oni_returns_neutral PASSED [ 19%]
tests/test_forecasting.py::TestEnsoPhase::test_el_nino_boosts_ecmwf_in_winter PASSED [ 19%]
tests/test_forecasting.py::TestEnsoPhase::test_neutral_winter_ecmwf_weight PASSED [ 20%]
tests/test_forecasting.py::TestFeelsLike::test_wind_chill_only PASSED    [ 20%]
tests/test_forecasting.py::TestFeelsLike::test_moist_cold_wind_chill_humidity_penalty PASSED [ 20%]
tests/test_forecasting.py::TestFeelsLike::test_moist_cold_no_wind_intermediate PASSED [ 20%]
tests/test_forecasting.py::TestFeelsLike::test_heat_index_regime PASSED  [ 20%]
tests/test_forecasting.py::TestFeelsLike::test_comfortable_no_adjustment PASSED [ 20%]
tests/test_forecasting.py::TestConfidenceScaledBlendWeights::test_high_ens_std_reduces_ensemble_weight PASSED [ 20%]
tests/test_forecasting.py::TestConfidenceScaledBlendWeights::test_low_ens_std_increases_ensemble_weight PASSED [ 20%]
tests/test_forecasting.py::TestConfidenceScaledBlendWeights::test_weights_sum_to_one PASSED [ 21%]
tests/test_forecasting.py::TestConfidenceScaledBlendWeights::test_none_ens_std_returns_base_weights PASSED [ 21%]
tests/test_forecasting.py::TestBlendWeights::test_nws_weight_short_horizon PASSED [ 21%]
tests/test_forecasting.py::TestBlendWeights::test_nws_weight_medium_horizon PASSED [ 21%]
tests/test_forecasting.py::TestBlendWeights::test_nws_weight_long_horizon PASSED [ 21%]
tests/test_forecasting.py::TestBlendWeights::test_weights_sum_to_one PASSED [ 21%]
tests/test_forecasting.py::TestBlendWeights::test_nws_weight_redistributed_when_unavailable PASSED [ 21%]
tests/test_forecasting.py::TestSnowLiquidRatio::test_above_freezing_returns_zero PASSED [ 22%]
tests/test_forecasting.py::TestSnowLiquidRatio::test_28_to_32_range PASSED [ 22%]
tests/test_forecasting.py::TestSnowLiquidRatio::test_20_to_28_range PASSED [ 22%]
tests/test_forecasting.py::TestSnowLiquidRatio::test_below_20_returns_20 PASSED [ 22%]
tests/test_forecasting.py::TestSnowLiquidRatio::test_wet_bulb_temp_midpoint PASSED [ 22%]
tests/test_forecasting.py::TestSnowLiquidRatio::test_liquid_equiv_conversion PASSED [ 22%]
tests/test_forecasting.py::TestForecastCycle::test_cycle_labels_cover_all_hours PASSED [ 22%]
tests/test_forecasting.py::TestForecastCycle::test_cycle_boundaries PASSED [ 22%]
tests/test_forecasting.py::TestForecastCycle::test_log_prediction_called_with_forecast_cycle PASSED [ 23%]
tests/test_forecasting.py::TestTimeDecayEdge::test_full_edge_at_reference_hours PASSED [ 23%]
tests/test_forecasting.py::TestTimeDecayEdge::test_zero_edge_at_close PASSED [ 23%]
tests/test_forecasting.py::TestTimeDecayEdge::test_half_edge_at_half_reference PASSED [ 23%]
tests/test_forecasting.py::TestTimeDecayEdge::test_analyze_trade_applies_time_decay PASSED [ 23%]
tests/test_forecasting.py::TestLearnedWeights::test_learn_seasonal_weights_returns_dict PASSED [ 23%]
tests/test_forecasting.py::TestLearnedWeights::test_forecast_model_weights_uses_learned_per_city PASSED [ 23%]
tests/test_forecasting.py::TestLearnedWeights::test_forecast_model_weights_falls_back_to_seasonal PASSED [ 23%]
tests/test_forecasting.py::TestLearnedWeights::test_save_and_load_learned_weights PASSED [ 24%]
tests/test_forecasting.py::TestDynamicCacheTTL::test_ttl_until_next_cycle_minimum PASSED [ 24%]
tests/test_forecasting.py::TestDynamicCacheTTL::test_ttl_until_next_cycle_before_02z PASSED [ 24%]
tests/test_forecasting.py::TestDynamicCacheTTL::test_ttl_used_when_caching_forecast PASSED [ 24%]
tests/test_forecasting.py::TestDynamicCacheTTL::test_ttl_used_when_caching_ensemble PASSED [ 24%]
tests/test_gaussian_prob.py::TestGaussianProbability::test_50pct_at_mean PASSED [ 24%]
tests/test_gaussian_prob.py::TestGaussianProbability::test_high_prob_when_mean_well_above_threshold PASSED [ 24%]
tests/test_gaussian_prob.py::TestGaussianProbability::test_below_direction PASSED [ 25%]
tests/test_gaussian_prob.py::TestGaussianProbability::test_wider_sigma_flattens_probability PASSED [ 25%]
tests/test_gaussian_prob.py::TestGaussianProbability::test_get_historical_sigma_returns_float PASSED [ 25%]
tests/test_gaussian_prob.py::TestGaussianProbability::test_get_historical_sigma_unknown_city_default PASSED [ 25%]
tests/test_gaussian_prob.py::TestGaussianProbability::test_probability_clamped_to_unit_interval PASSED [ 25%]
tests/test_http.py::TestGetWeatherForecastMocked::test_all_models_fail_returns_none PASSED [ 25%]
tests/test_http.py::TestGetWeatherForecastMocked::test_partial_model_failure_still_returns PASSED [ 25%]
tests/test_http.py::TestGetWeatherForecastMocked::test_returns_forecast_when_all_models_respond PASSED [ 25%]
tests/test_http.py::TestGetWeatherForecastMocked::test_returns_none_when_target_date_missing PASSED [ 26%]
tests/test_http.py::TestGetWeatherForecastMocked::test_unknown_city_returns_none PASSED [ 26%]
tests/test_infrastructure.py::test_circuit_opens_after_threshold PASSED  [ 26%]
tests/test_infrastructure.py::test_circuit_allows_call_when_closed PASSED [ 26%]
tests/test_infrastructure.py::test_circuit_recovers_after_timeout PASSED [ 26%]
tests/test_infrastructure.py::test_circuit_resets_on_success PASSED      [ 26%]
tests/test_infrastructure.py::test_atomic_write_creates_file PASSED      [ 26%]
tests/test_infrastructure.py::test_atomic_write_is_atomic PASSED         [ 26%]
tests/test_infrastructure.py::test_session_has_retry_adapter PASSED      [ 27%]
tests/test_infrastructure.py::test_log_api_request_writes_to_db PASSED   [ 27%]
tests/test_infrastructure.py::test_market_fetch_uses_threadpool PASSED   [ 27%]
tests/test_infrastructure.py::test_migrations_are_idempotent PASSED      [ 27%]
tests/test_infrastructure.py::test_nws_cb_skips_when_open PASSED         [ 27%]
tests/test_infrastructure.py::test_climatology_cb_skips_when_open PASSED [ 27%]
tests/test_infrastructure.py::test_nws_cb_records_failure_on_exception PASSED [ 27%]
tests/test_infrastructure.py::test_atomic_write_falls_back_to_tmp_on_oserror PASSED [ 28%]
tests/test_infrastructure.py::test_atomic_write_raises_runtime_error_on_double_failure PASSED [ 28%]
tests/test_infrastructure.py::test_alerts_write_raises_on_failure PASSED [ 28%]
tests/test_infrastructure.py::test_execution_log_write_raises_on_failure PASSED [ 28%]
tests/test_infrastructure.py::test_session_retry_parameters PASSED       [ 28%]
tests/test_infrastructure.py::test_log_api_request_stores_error PASSED   [ 28%]
tests/test_infrastructure.py::test_log_api_request_accepts_no_error PASSED [ 28%]
tests/test_infrastructure.py::test_pragma_user_version_set_after_init PASSED [ 28%]
tests/test_infrastructure.py::test_pragma_migrations_incremental PASSED  [ 29%]
tests/test_infrastructure.py::test_paper_save_embeds_sha256_checksum PASSED [ 29%]
tests/test_infrastructure.py::test_paper_load_raises_on_checksum_mismatch PASSED [ 29%]
tests/test_infrastructure.py::test_paper_load_passes_valid_checksum PASSED [ 29%]
tests/test_infrastructure.py::test_verify_db_backup_counts_rows PASSED   [ 29%]
tests/test_infrastructure.py::test_verify_db_backup_raises_on_empty PASSED [ 29%]
tests/test_infrastructure.py::test_auto_backup_logs_verification PASSED  [ 29%]
tests/test_infrastructure.py::test_analyze_markets_parallel_returns_results PASSED [ 30%]
tests/test_infrastructure.py::test_analyze_markets_parallel_handles_per_market_exception PASSED [ 30%]
tests/test_infrastructure.py::test_analyze_markets_parallel_is_faster_than_sequential PASSED [ 30%]
tests/test_integration.py::TestAnalyzePipeline::test_analyze_trade_returns_result PASSED [ 30%]
tests/test_integration.py::TestAnalyzePipeline::test_analyze_trade_handles_missing_forecast PASSED [ 30%]
tests/test_integration.py::TestAnalyzePipeline::test_analyze_trade_works_without_nws_or_clim PASSED [ 30%]
tests/test_integration.py::TestAnalyzePipeline::test_analyze_trade_missing_city_returns_none PASSED [ 30%]
tests/test_integration.py::TestAnalyzePipeline::test_analyze_trade_missing_date_returns_none PASSED [ 30%]
tests/test_integration.py::TestAnalyzePipeline::test_analyze_trade_invalid_input_raises PASSED [ 31%]
tests/test_integration.py::TestAnalyzePipelineExtra::test_analyze_trade_below_condition PASSED [ 31%]
tests/test_integration.py::TestAnalyzePipelineExtra::test_analyze_trade_precip_any_condition PASSED [ 31%]
tests/test_integration.py::TestAnalyzePipelineExtra::test_analyze_trade_signal_is_valid PASSED [ 31%]
tests/test_kalshi_ws.py::TestParseOrderbookMessage::test_parse_snapshot_message PASSED [ 31%]
tests/test_kalshi_ws.py::TestParseOrderbookMessage::test_parse_ticker_message PASSED [ 31%]
tests/test_kalshi_ws.py::TestParseOrderbookMessage::test_parse_unknown_type_returns_none PASSED [ 31%]
tests/test_kalshi_ws.py::TestParseOrderbookMessage::test_parse_empty_msg_returns_none PASSED [ 31%]
tests/test_kalshi_ws.py::TestOrderbookCache::test_update_and_read_cache PASSED [ 32%]
tests/test_kalshi_ws.py::TestOrderbookCache::test_cache_missing_returns_empty PASSED [ 32%]
tests/test_kalshi_ws.py::TestBuildSubscribeMessage::test_subscribe_message_structure PASSED [ 32%]
tests/test_live_execution.py::TestMidpointPrice::test_midpoint_yes_side PASSED [ 32%]
tests/test_live_execution.py::TestMidpointPrice::test_midpoint_no_side PASSED [ 32%]
tests/test_live_execution.py::TestLoadLiveConfig::test_creates_default_if_missing PASSED [ 32%]
tests/test_live_execution.py::TestPlaceLiveOrder::test_daily_loss_limit_blocks_after_db_loss PASSED [ 32%]
tests/test_live_execution.py::TestPlaceLiveOrder::test_max_trade_dollars_caps_size PASSED [ 33%]
tests/test_live_execution.py::TestAutoPlaceTradesCycleCheck::test_cycle_dedup_skips_already_ordered PASSED [ 33%]
tests/test_live_execution.py::TestPollPendingOrders::test_filled_order_updates_status PASSED [ 33%]
tests/test_live_execution.py::TestPollPendingOrdersExtended::test_gtc_cancel_fires_for_old_pending_order PASSED [ 33%]
tests/test_live_execution.py::TestPollPendingOrdersExtended::test_gtc_cancel_skips_fresh_orders PASSED [ 33%]
tests/test_live_execution.py::TestPollPendingOrdersExtended::test_settlement_recorded_for_finalized_market PASSED [ 33%]
tests/test_live_execution.py::TestPollPendingOrdersExtended::test_no_side_settlement_yes_wins PASSED [ 33%]
tests/test_live_execution.py::TestPollPendingOrdersExtended::test_no_side_settlement_no_wins PASSED [ 33%]
tests/test_metar.py::TestFetchMetar::test_returns_current_temp_f PASSED  [ 34%]
tests/test_metar.py::TestFetchMetar::test_celsius_converted_to_fahrenheit PASSED [ 34%]
tests/test_metar.py::TestFetchMetar::test_returns_none_on_failure PASSED [ 34%]
tests/test_metar.py::TestFetchMetar::test_returns_none_on_empty_response PASSED [ 34%]
tests/test_metar.py::TestCheckMetarLockout::test_locked_below_threshold_after_2pm PASSED [ 34%]
tests/test_metar.py::TestCheckMetarLockout::test_locked_above_threshold_after_2pm PASSED [ 34%]
tests/test_metar.py::TestCheckMetarLockout::test_not_locked_before_2pm PASSED [ 34%]
tests/test_metar.py::TestCheckMetarLockout::test_not_locked_within_margin PASSED [ 34%]
tests/test_ml_bias.py::TestMLBias::test_train_bias_model_returns_dict PASSED [ 35%]
tests/test_ml_bias.py::TestMLBias::test_apply_ml_prob_correction_falls_back_when_no_model PASSED [ 35%]
tests/test_ml_bias.py::TestMLBias::test_apply_ml_prob_correction_adjusts_probability PASSED [ 35%]
tests/test_mos.py::TestFetchMos::test_returns_dict_on_success PASSED     [ 35%]
tests/test_mos.py::TestFetchMos::test_returns_none_on_empty_data PASSED  [ 35%]
tests/test_mos.py::TestFetchMos::test_returns_none_on_request_exception PASSED [ 35%]
tests/test_mos.py::TestFetchMos::test_station_lookup PASSED              [ 35%]
tests/test_mos.py::TestFetchMos::test_unknown_city_returns_none PASSED   [ 36%]
tests/test_mos.py::TestFetchMos::test_max_temp_is_highest_in_day PASSED  [ 36%]
tests/test_mos.py::TestMosIntegration::test_analyze_trade_includes_mos_field PASSED [ 36%]
tests/test_nbm.py::TestNBMFetch::test_nbm_in_ensemble_models PASSED      [ 36%]
tests/test_nbm.py::TestNBMFetch::test_fetch_temperature_nbm_returns_float_or_none PASSED [ 36%]
tests/test_nbm.py::TestNBMFetch::test_fetch_temperature_nbm_returns_none_on_error PASSED [ 36%]
tests/test_nbm.py::TestNBMFetch::test_nbm_included_in_ensemble_average PASSED [ 36%]
tests/test_nbm.py::TestNBMFetch::test_nbm_excluded_on_none PASSED        [ 36%]
tests/test_p9_p10.py::TestStrategyVersioning::test_get_brier_by_version_empty PASSED [ 37%]
tests/test_p9_p10.py::TestStrategyVersioning::test_get_brier_by_version_groups_correctly PASSED [ 37%]
tests/test_p9_p10.py::TestStrategyVersioning::test_log_prediction_stores_edge_calc_version PASSED [ 37%]
tests/test_p9_p10.py::TestStrategyVersioning::test_log_prediction_version_defaults_to_none PASSED [ 37%]
tests/test_p9_p10.py::TestStrategyRetirement::test_get_retired_strategies_empty PASSED [ 37%]
tests/test_p9_p10.py::TestStrategyRetirement::test_auto_retire_strategies_retires_bad_method PASSED [ 37%]
tests/test_p9_p10.py::TestStrategyRetirement::test_auto_retire_does_not_retire_good_method PASSED [ 37%]
tests/test_p9_p10.py::TestStrategyRetirement::test_auto_retire_skips_insufficient_samples PASSED [ 38%]
tests/test_p9_p10.py::TestStrategyRetirement::test_unretire_strategy PASSED [ 38%]
tests/test_p9_p10.py::TestStrategyRetirement::test_unretire_nonexistent_returns_false PASSED [ 38%]
tests/test_p9_p10.py::TestStrategyRetirement::test_already_retired_not_duplicated PASSED [ 38%]
tests/test_p9_p10.py::TestDriftDetection::test_detect_brier_drift_insufficient_data PASSED [ 38%]
tests/test_p9_p10.py::TestDriftDetection::test_detect_brier_drift_no_drift PASSED [ 38%]
tests/test_p9_p10.py::TestDriftDetection::test_detect_brier_drift_detects_degradation PASSED [ 38%]
tests/test_p9_p10.py::TestDriftDetection::test_detect_brier_drift_improvement_not_flagged PASSED [ 38%]
tests/test_p9_p10.py::TestBlackSwanMode::test_no_conditions_on_clean_trades FAILED [ 39%]
tests/test_p9_p10.py::TestBlackSwanMode::test_consecutive_loss_triggers PASSED [ 39%]
tests/test_p9_p10.py::TestBlackSwanMode::test_consecutive_loss_below_threshold_ok PASSED [ 39%]
tests/test_p9_p10.py::TestBlackSwanMode::test_activate_black_swan_halt_writes_files PASSED [ 39%]
tests/test_p9_p10.py::TestBlackSwanMode::test_get_black_swan_status_none_when_absent PASSED [ 39%]
tests/test_p9_p10.py::TestBlackSwanMode::test_get_black_swan_status_returns_data PASSED [ 39%]
tests/test_p9_p10.py::TestBlackSwanMode::test_clear_black_swan_state PASSED [ 39%]
tests/test_p9_p10.py::TestBlackSwanMode::test_clear_black_swan_state_no_file PASSED [ 39%]
tests/test_p9_p10.py::TestBlackSwanMode::test_run_black_swan_check_triggers_halt PASSED [ 40%]
tests/test_p9_p10.py::TestConfigIntegrity::test_get_config_fingerprint_returns_dict PASSED [ 40%]
tests/test_p9_p10.py::TestConfigIntegrity::test_check_config_integrity_first_run PASSED [ 40%]
tests/test_p9_p10.py::TestConfigIntegrity::test_check_config_integrity_no_change PASSED [ 40%]
tests/test_p9_p10.py::TestConfigIntegrity::test_check_config_integrity_detects_change PASSED [ 40%]
tests/test_p9_p10.py::TestConfigIntegrity::test_config_hash_is_deterministic PASSED [ 40%]
tests/test_paper.py::TestKellyCompounding::test_balance_decreases_after_loss PASSED [ 40%]
tests/test_paper.py::TestKellyCompounding::test_balance_decreases_after_order PASSED [ 41%]
tests/test_paper.py::TestKellyCompounding::test_get_performance_empty PASSED [ 41%]
tests/test_paper.py::TestKellyCompounding::test_get_performance_with_win PASSED [ 41%]
tests/test_paper.py::TestKellyCompounding::test_initial_balance_is_1000 PASSED [ 41%]
tests/test_paper.py::TestKellyCompounding::test_insufficient_balance_raises PASSED [ 41%]
tests/test_paper.py::TestKellyCompounding::test_kelly_bet_compounds_after_win PASSED [ 41%]
tests/test_paper.py::TestKellyCompounding::test_kelly_bet_dollars_caps_at_50_dollars PASSED [ 41%]
tests/test_paper.py::TestKellyCompounding::test_kelly_bet_dollars_floors_at_zero PASSED [ 41%]
tests/test_paper.py::TestKellyCompounding::test_kelly_bet_dollars_scales_with_balance PASSED [ 42%]
tests/test_paper.py::TestKellyCompounding::test_kelly_quantity_basic PASSED [ 42%]
tests/test_paper.py::TestKellyCompounding::test_kelly_quantity_zero_fraction_returns_zero PASSED [ 42%]
tests/test_paper.py::TestKellyCompounding::test_kelly_quantity_zero_price_returns_zero PASSED [ 42%]
tests/test_paper.py::TestKellyCompounding::test_reset_restores_starting_balance PASSED [ 42%]
tests/test_paper.py::TestKellyCompounding::test_settle_nonexistent_trade_raises PASSED [ 42%]
tests/test_paper.py::TestIsStale::test_market_no_volume_closing_soon_is_stale PASSED [ 42%]
tests/test_paper.py::TestIsStale::test_market_no_volume_far_future_not_stale PASSED [ 42%]
tests/test_paper.py::TestIsStale::test_market_with_open_interest_not_stale PASSED [ 43%]
tests/test_paper.py::TestIsStale::test_market_with_volume_not_stale PASSED [ 43%]
tests/test_paper.py::TestIsStale::test_missing_close_time_not_stale PASSED [ 43%]
tests/test_paper.py::TestMaxDrawdown::test_boundary_exactly_500_not_paused PASSED [ 43%]
tests/test_paper.py::TestMaxDrawdown::test_kelly_normal_above_threshold PASSED [ 43%]
tests/test_paper.py::TestMaxDrawdown::test_kelly_returns_zero_in_drawdown PASSED [ 43%]
tests/test_paper.py::TestMaxDrawdown::test_not_paused_at_start PASSED    [ 43%]
tests/test_paper.py::TestMaxDrawdown::test_paused_below_threshold PASSED [ 44%]
tests/test_paper.py::TestPortfolioKelly::test_exposure_ignores_other_city PASSED [ 44%]
tests/test_paper.py::TestPortfolioKelly::test_exposure_ignores_settled_trade PASSED [ 44%]
tests/test_paper.py::TestPortfolioKelly::test_exposure_with_matching_trade PASSED [ 44%]
tests/test_paper.py::TestPortfolioKelly::test_exposure_zero_with_no_trades PASSED [ 44%]
tests/test_paper.py::TestPortfolioKelly::test_place_paper_order_stores_city_date PASSED [ 44%]
tests/test_paper.py::TestPortfolioKelly::test_portfolio_kelly_at_cap PASSED [ 44%]
tests/test_paper.py::TestPortfolioKelly::test_portfolio_kelly_no_city_passthrough PASSED [ 44%]
tests/test_paper.py::TestPortfolioKelly::test_portfolio_kelly_no_exposure PASSED [ 45%]
tests/test_paper.py::TestPortfolioKelly::test_portfolio_kelly_partial_exposure PASSED [ 45%]
tests/test_paper.py::TestHighWaterMark::test_drawdown_zero_at_start PASSED [ 45%]
tests/test_paper.py::TestHighWaterMark::test_max_drawdown_pct_correct PASSED [ 45%]
tests/test_paper.py::TestHighWaterMark::test_paused_from_peak_not_start PASSED [ 45%]
tests/test_paper.py::TestHighWaterMark::test_peak_does_not_decrease_on_loss PASSED [ 45%]
tests/test_paper.py::TestHighWaterMark::test_peak_tracks_winning_trade PASSED [ 45%]
tests/test_paper.py::TestHighWaterMark::test_performance_includes_peak_and_drawdown PASSED [ 46%]
tests/test_paper.py::TestDirectionalExposure::test_directional_exposure_other_side PASSED [ 46%]
tests/test_paper.py::TestDirectionalExposure::test_directional_exposure_same_side PASSED [ 46%]
tests/test_paper.py::TestDirectionalExposure::test_directional_penalty_applies_before_city_cap PASSED [ 46%]
tests/test_paper.py::TestDirectionalExposure::test_portfolio_kelly_with_directional_penalty PASSED [ 46%]
tests/test_paper.py::TestExportTrades::test_export_trades_csv PASSED     [ 46%]
tests/test_paper.py::TestExportTrades::test_export_trades_csv_empty PASSED [ 46%]
tests/test_paper.py::TestDrawdownScaling::test_full_scaling_at_peak PASSED [ 46%]
tests/test_paper.py::TestDrawdownScaling::test_kelly_scaled_at_partial_recovery PASSED [ 47%]
tests/test_paper.py::TestDrawdownScaling::test_kelly_zero_below_50_pct PASSED [ 47%]
tests/test_paper.py::TestDrawdownScaling::test_tier2_scaling_between_50_and_60_pct PASSED [ 47%]
tests/test_paper.py::TestDrawdownScaling::test_tier3_scaling_between_60_and_75_pct PASSED [ 47%]
tests/test_paper.py::TestDrawdownScaling::test_tier4_scaling_between_75_and_90_pct PASSED [ 47%]
tests/test_paper.py::TestDrawdownScaling::test_zero_scaling_below_50_pct PASSED [ 47%]
tests/test_paper.py::TestAutoSettlePaperTrades::test_auto_settle_settles_matching_trade PASSED [ 47%]
tests/test_paper.py::TestAutoSettlePaperTrades::test_auto_settle_skips_no_outcome PASSED [ 47%]
tests/test_paper.py::TestAutoSettlePaperTrades::test_get_outcome_for_ticker_returns_correct_value PASSED [ 48%]
tests/test_paper.py::TestAutoSettlePaperTrades::test_get_outcome_for_ticker_returns_none_when_missing PASSED [ 48%]
tests/test_paper.py::TestGaussianFillSlippage::test_actual_fill_price_in_valid_range PASSED [ 48%]
tests/test_paper.py::TestGaussianFillSlippage::test_actual_fill_price_deviates_from_entry PASSED [ 48%]
tests/test_paper.py::TestGaussianFillSlippage::test_entry_price_unchanged PASSED [ 48%]
tests/test_paper.py::TestSimulatePartialFill::test_returns_at_most_requested_quantity PASSED [ 48%]
tests/test_paper.py::TestSimulatePartialFill::test_deep_market_fills_fully PASSED [ 48%]
tests/test_paper.py::TestSimulatePartialFill::test_shallow_market_may_partially_fill PASSED [ 49%]
tests/test_paper.py::TestSimulatePartialFill::test_returns_integer PASSED [ 49%]
tests/test_paper.py::TestSimulatePartialFill::test_minimum_fill_is_one PASSED [ 49%]
tests/test_paper.py::TestCheckExitTargetsPartialFill::test_check_exit_targets_logs_partial_fill PASSED [ 49%]
tests/test_paper.py::TestCheckExitTargetsPartialFill::test_partial_fill_quantity_bounded PASSED [ 49%]
tests/test_paper.py::TestMaxOrderLatency::test_max_order_latency_constant_exists PASSED [ 49%]
tests/test_paper.py::TestMaxOrderLatency::test_fast_order_no_warning PASSED [ 49%]
tests/test_paper.py::TestMaxOrderLatency::test_slow_order_logs_warning PASSED [ 49%]
tests/test_paper.py::test_med_edge_and_max_daily_spend_constants_exist PASSED [ 50%]
tests/test_paper.py::test_kelly_bet_dollars_respects_explicit_cap PASSED [ 50%]
tests/test_paper.py::test_kelly_bet_dollars_dynamic_cap_higher_with_good_brier PASSED [ 50%]
tests/test_paper.py::test_kelly_bet_dollars_method_scaling_reduces_kelly PASSED [ 50%]
tests/test_paper.py::test_place_paper_order_records_entry_hour PASSED    [ 50%]
tests/test_paper.py::test_close_paper_early_settles_at_exit_price PASSED [ 50%]
tests/test_paper.py::test_close_paper_early_raises_on_unknown_id PASSED  [ 50%]
tests/test_phase4.py::TestPersistenceProb::test_above_threshold_high_current PASSED [ 50%]
tests/test_phase4.py::TestPersistenceProb::test_above_threshold_low_current PASSED [ 51%]
tests/test_phase4.py::TestPersistenceProb::test_below_threshold_low_current PASSED [ 51%]
tests/test_phase4.py::TestPersistenceProb::test_between_returns_reasonable_value PASSED [ 51%]
tests/test_phase4.py::TestPersistenceProb::test_invalid_std_dev_returns_none PASSED [ 51%]
tests/test_phase4.py::TestPersistenceProb::test_unknown_condition_returns_none PASSED [ 51%]
tests/test_phase4.py::TestEnsoPhase::test_el_nino_boosts_ecmwf_above_neutral PASSED [ 51%]
tests/test_phase4.py::TestEnsoPhase::test_la_nina_boosts_ecmwf_above_neutral PASSED [ 51%]
tests/test_phase4.py::TestEnsoPhase::test_no_enso_boost_in_summer PASSED [ 52%]
tests/test_phase4.py::TestEnsoPhase::test_get_enso_phase_returns_valid_phase PASSED [ 52%]
tests/test_phase4.py::TestFeelsLikeMoistCold::test_cold_high_humidity_below_actual PASSED [ 52%]
tests/test_phase4.py::TestFeelsLikeMoistCold::test_cold_low_humidity_no_penalty PASSED [ 52%]
tests/test_phase4.py::TestFeelsLikeMoistCold::test_moderate_temp_no_moist_cold PASSED [ 52%]
tests/test_phase4.py::TestFeelsLikeMoistCold::test_existing_hot_humid_still_works PASSED [ 52%]
tests/test_phase4.py::TestBlendProbabilities::test_blend_returns_between_min_and_max PASSED [ 52%]
tests/test_phase4.py::TestBlendProbabilities::test_handles_none_nws PASSED [ 52%]
tests/test_phase4.py::TestBlendProbabilities::test_all_none_returns_none PASSED [ 53%]
tests/test_phase4.py::TestBlendProbabilities::test_nws_lower_weight_far_out PASSED [ 53%]
tests/test_phase4.py::TestDynamicModelWeights::test_high_mae_model_gets_low_weight PASSED [ 53%]
tests/test_phase4.py::TestDynamicModelWeights::test_insufficient_samples_returns_none PASSED [ 53%]
tests/test_phase4.py::TestDynamicModelWeights::test_no_tracker_data_returns_none PASSED [ 53%]
tests/test_phase4.py::TestStratifiedTrainTestSplit::test_all_cities_in_holdout PASSED [ 53%]
tests/test_phase4.py::TestStratifiedTrainTestSplit::test_all_condition_types_in_holdout PASSED [ 53%]
tests/test_phase4.py::TestStratifiedTrainTestSplit::test_holdout_fraction_approx_correct PASSED [ 53%]
tests/test_phase4.py::TestStratifiedTrainTestSplit::test_empty_records PASSED [ 54%]
tests/test_phase4.py::TestTtlUntilNextCycle::test_05_utc_ttl_is_approx_3600 PASSED [ 54%]
tests/test_phase4.py::TestTtlUntilNextCycle::test_minimum_ttl_is_1800 PASSED [ 54%]
tests/test_phase4.py::TestTtlUntilNextCycle::test_returns_int PASSED     [ 54%]
tests/test_phase4.py::TestTtlUntilNextCycle::test_after_all_cycles_wraps_to_next_day PASSED [ 54%]
tests/test_phase4.py::TestPerCityLearnedWeights::test_city_weights_used_when_available PASSED [ 54%]
tests/test_phase4.py::TestPerCityLearnedWeights::test_no_city_falls_back_to_seasonal PASSED [ 54%]
tests/test_phase4.py::TestPerCityLearnedWeights::test_dynamic_weights_override_learned PASSED [ 55%]
tests/test_phase4.py::TestCurrentForecastCycle::test_valid_cycle_values PASSED [ 55%]
tests/test_phase4.py::TestCurrentForecastCycle::test_00z_before_06_utc PASSED [ 55%]
tests/test_phase4.py::TestCurrentForecastCycle::test_log_prediction_accepts_forecast_cycle PASSED [ 55%]
tests/test_pnl_attribution.py::TestPnLAttribution::test_log_prediction_accepts_signal_source PASSED [ 55%]
tests/test_pnl_attribution.py::TestPnLAttribution::test_get_pnl_by_signal_source_groups_correctly PASSED [ 55%]
tests/test_pnl_attribution.py::TestPnLAttribution::test_get_pnl_by_signal_source_has_required_keys PASSED [ 55%]
tests/test_regression.py::test_brier_score_not_degraded SKIPPED (No ...) [ 55%]
tests/test_regression.py::test_roc_auc_not_degraded SKIPPED (No base...) [ 56%]
tests/test_regression.py::TestBrierScoreComputation::test_brier_score_known_value PASSED [ 56%]
tests/test_regression.py::TestBrierScoreComputation::test_brier_score_no_data_returns_none PASSED [ 56%]
tests/test_regression.py::TestBrierScoreComputation::test_roc_auc_perfect_classifier PASSED [ 56%]
tests/test_risk_control.py::TestKellyScalesWithBalance::test_double_balance_roughly_doubles_output PASSED [ 56%]
tests/test_risk_control.py::TestKellyScalesWithBalance::test_zero_drawdown_scale_returns_zero PASSED [ 56%]
tests/test_risk_control.py::TestAutoPlaceTradeGuards::test_daily_loss_halted_returns_zero PASSED [ 56%]
tests/test_risk_control.py::TestAutoPlaceTradeGuards::test_daily_spend_cap_reached_returns_zero PASSED [ 57%]
tests/test_risk_control.py::TestAutoPlaceTradeGuards::test_per_trade_overage_skips_trade PASSED [ 57%]
tests/test_risk_control.py::TestPaperLiveSeparation::test_paper_mode_never_calls_place_live_order PASSED [ 57%]
tests/test_risk_control.py::TestPaperLiveSeparation::test_demo_env_uses_demo_base_url PASSED [ 57%]
tests/test_risk_control.py::TestPaperLiveSeparation::test_prod_env_uses_prod_base_url PASSED [ 57%]
tests/test_safe_io.py::test_load_validates_crc_on_good_file PASSED       [ 57%]
tests/test_safe_io.py::test_load_raises_on_tampered_file PASSED          [ 57%]
tests/test_safe_io.py::test_load_skips_crc_check_when_field_absent PASSED [ 57%]
tests/test_safe_io.py::test_save_writes_crc32_field PASSED               [ 58%]
tests/test_safe_io.py::test_save_then_load_roundtrip PASSED              [ 58%]
tests/test_safe_io.py::test_verify_backup_passes_on_good_file PASSED     [ 58%]
tests/test_safe_io.py::test_verify_backup_fails_on_corrupt_file PASSED   [ 58%]
tests/test_safe_io.py::test_verify_backup_fails_on_invalid_json PASSED   [ 58%]
tests/test_safe_io.py::test_verify_backup_logs_checksum_on_success PASSED [ 58%]
tests/test_settlement_monitor.py::TestBuildSettlementSignal::test_signal_structure PASSED [ 58%]
tests/test_settlement_monitor.py::TestBuildSettlementSignal::test_write_settlement_signals_creates_file PASSED [ 58%]
tests/test_settlement_monitor.py::TestBuildSettlementSignal::test_read_settlement_signals_empty_on_no_file PASSED [ 59%]
tests/test_settlement_monitor.py::TestBuildSettlementSignal::test_signals_expire_after_window PASSED [ 59%]
tests/test_signal_quality.py::TestGetMemberAccuracyDaysBack::test_get_member_accuracy_respects_days_back PASSED [ 59%]
tests/test_signal_quality.py::TestEdgeConfidenceConditionType::test_precip_snow_lower_than_temp PASSED [ 59%]
tests/test_signal_quality.py::TestEdgeConfidenceConditionType::test_condition_compounds_horizon PASSED [ 59%]
tests/test_signal_quality.py::TestEdgeConfidenceConditionType::test_unknown_condition_defaults_to_one PASSED [ 59%]
tests/test_signal_quality.py::TestAnalyzeTradeConditionType::test_bias_correction_condition_type_param_accepted PASSED [ 59%]
tests/test_signal_quality.py::TestAnalyzeTradeConditionType::test_condition_type_scale_in_kelly PASSED [ 60%]
tests/test_silent_failures.py::test_analyze_trade_logs_consensus_failure PASSED [ 60%]
tests/test_silent_failures.py::test_analyze_trade_logs_nws_prob_failure PASSED [ 60%]
tests/test_silent_failures.py::test_analyze_trade_logs_climatological_failure PASSED [ 60%]
tests/test_silent_failures.py::test_paper_price_improvement_log_failure_is_logged PASSED [ 60%]
tests/test_silent_failures.py::test_kalshi_client_api_log_failure_is_logged PASSED [ 60%]
tests/test_state_consistency.py::test_get_state_snapshot_returns_required_keys PASSED [ 60%]
tests/test_state_consistency.py::test_state_snapshot_balance_matches_get_balance PASSED [ 60%]
tests/test_state_consistency.py::test_state_snapshot_peak_matches_get_peak_balance PASSED [ 61%]
tests/test_state_consistency.py::test_cmd_cron_logs_state_snapshot FAILED [ 61%]
tests/test_station_bias.py::TestApplyStationBias::test_nyc_bias_negative PASSED [ 61%]
tests/test_station_bias.py::TestApplyStationBias::test_miami_bias_negative PASSED [ 61%]
tests/test_station_bias.py::TestApplyStationBias::test_denver_bias_negative PASSED [ 61%]
tests/test_station_bias.py::TestApplyStationBias::test_unknown_city_no_change PASSED [ 61%]
tests/test_station_bias.py::TestApplyStationBias::test_los_angeles_no_bias PASSED [ 61%]
tests/test_station_bias.py::TestApplyStationBias::test_bias_table_exists PASSED [ 61%]
tests/test_suggested_bets.py::TestSuggestedBetsEndpoint::test_returns_top_n_sorted_by_ev PASSED [ 62%]
tests/test_suggested_bets.py::TestSuggestedBetsEndpoint::test_empty_when_no_opportunities PASSED [ 62%]
tests/test_suggested_bets.py::TestSuggestedBetsEndpoint::test_market_fetch_failure_returns_500 PASSED [ 62%]
tests/test_tracker.py::TestTracker::test_bias_insufficient_data PASSED   [ 62%]
tests/test_tracker.py::TestTracker::test_brier_returns_none_when_empty PASSED [ 62%]
tests/test_tracker.py::TestTracker::test_brier_score PASSED              [ 62%]
tests/test_tracker.py::TestTracker::test_calibration_by_city_empty PASSED [ 62%]
tests/test_tracker.py::TestTracker::test_calibration_by_city_with_data PASSED [ 63%]
tests/test_tracker.py::TestTracker::test_calibration_by_type_empty PASSED [ 63%]
tests/test_tracker.py::TestTracker::test_calibration_by_type_with_data PASSED [ 63%]
tests/test_tracker.py::TestTracker::test_calibration_trend_empty PASSED  [ 63%]
tests/test_tracker.py::TestTracker::test_export_predictions_csv PASSED   [ 63%]
tests/test_tracker.py::TestTracker::test_export_predictions_csv_empty PASSED [ 63%]
tests/test_tracker.py::TestTracker::test_log_and_retrieve PASSED         [ 63%]
tests/test_tracker.py::TestTracker::test_log_outcome_replace PASSED      [ 63%]
tests/test_tracker.py::TestTracker::test_no_duplicate_same_day PASSED    [ 64%]
tests/test_tracker.py::TestTracker::test_sync_outcomes_records_finalized PASSED [ 64%]
tests/test_tracker.py::TestTracker::test_sync_outcomes_skips_already_settled PASSED [ 64%]
tests/test_tracker.py::TestTracker::test_sync_outcomes_skips_open_markets PASSED [ 64%]
tests/test_tracker.py::TestBrierScore::test_midpoint_prediction PASSED   [ 64%]
tests/test_tracker.py::TestBrierScore::test_no_data_returns_none PASSED  [ 64%]
tests/test_tracker.py::TestBrierScore::test_perfect_prediction_brier_zero PASSED [ 64%]
tests/test_tracker.py::TestBrierScore::test_worst_prediction_brier_one PASSED [ 65%]
tests/test_tracker.py::TestGetBias::test_returns_float_or_zero_with_no_data_for_none_city PASSED [ 65%]
tests/test_tracker.py::TestGetBias::test_returns_float_type PASSED       [ 65%]
tests/test_tracker.py::TestGetBias::test_returns_zero_below_min_samples PASSED [ 65%]
tests/test_tracker.py::TestGetBias::test_returns_zero_when_no_data PASSED [ 65%]
tests/test_tracker.py::TestGetBrierOverTime::test_brier_values_in_valid_range PASSED [ 65%]
tests/test_tracker.py::TestGetBrierOverTime::test_empty_db_returns_empty_list PASSED [ 65%]
tests/test_tracker.py::TestGetBrierOverTime::test_returns_correct_brier_for_seeded_data PASSED [ 65%]
tests/test_tracker.py::TestGetBiasConditionType::test_bias_no_condition_type_includes_all PASSED [ 66%]
tests/test_tracker.py::TestGetBiasConditionType::test_grpb_bias_condition_type_filters_rows PASSED [ 66%]
tests/test_tracker.py::TestGetBiasConditionType::test_grpb_bias_unknown_condition_type_returns_zero PASSED [ 66%]
tests/test_tracker.py::TestBrierSkillScore::test_market_level_model_near_zero PASSED [ 66%]
tests/test_tracker.py::TestBrierSkillScore::test_perfect_model_positive_bss PASSED [ 66%]
tests/test_tracker.py::TestBrierSkillScore::test_returns_none_below_10_samples PASSED [ 66%]
tests/test_tracker.py::TestConfusionMatrixThreshold::test_empty_has_threshold PASSED [ 66%]
tests/test_tracker.py::TestConfusionMatrixThreshold::test_threshold_60_vs_80 PASSED [ 66%]
tests/test_tracker.py::TestConfusionMatrixThreshold::test_threshold_in_return_dict PASSED [ 67%]
tests/test_tracker.py::TestGetOptimalThreshold::test_returns_dict_with_correct_keys PASSED [ 67%]
tests/test_tracker.py::TestGetOptimalThreshold::test_returns_none_below_10_samples PASSED [ 67%]
tests/test_tracker.py::TestGetOptimalThreshold::test_threshold_within_range PASSED [ 67%]
tests/test_tracker.py::TestMarketCalibrationAdaptive::test_bucket_fields PASSED [ 67%]
tests/test_tracker.py::TestMarketCalibrationAdaptive::test_clustered_data_n_buckets_5 PASSED [ 67%]
tests/test_tracker.py::TestMarketCalibrationAdaptive::test_empty_returns_empty_buckets PASSED [ 67%]
tests/test_tracker.py::TestMarketCalibrationAdaptive::test_returns_buckets_key PASSED [ 68%]
tests/test_tracker.py::TestCalibrationByCityConditionType::test_empty_condition_type_filter PASSED [ 68%]
tests/test_tracker.py::TestCalibrationByCityConditionType::test_no_filter_returns_all PASSED [ 68%]
tests/test_tracker.py::TestCalibrationByCityConditionType::test_nyc_high_vs_precip_different_bias PASSED [ 68%]
tests/test_tracker.py::TestEnsembleMemberAccuracy::test_basic_accuracy PASSED [ 68%]
tests/test_tracker.py::TestEnsembleMemberAccuracy::test_city_filter PASSED [ 68%]
tests/test_tracker.py::TestEnsembleMemberAccuracy::test_returns_none_when_empty PASSED [ 68%]
tests/test_tracker.py::TestEnsembleMemberAccuracy::test_season_filter_summer PASSED [ 68%]
tests/test_tracker.py::TestEnsembleMemberAccuracy::test_season_filter_winter PASSED [ 69%]
tests/test_tracker.py::TestEnsembleMemberAccuracy::test_season_filter_winter_vs_summer_different_mae PASSED [ 69%]
tests/test_tracker.py::TestBayesianConfidenceInterval::test_90_pct_contains_50_pct PASSED [ 69%]
tests/test_tracker.py::TestBayesianConfidenceInterval::test_all_successes PASSED [ 69%]
tests/test_tracker.py::TestBayesianConfidenceInterval::test_bounds_are_valid PASSED [ 69%]
tests/test_tracker.py::TestBayesianConfidenceInterval::test_ci_shrinks_with_more_data PASSED [ 69%]
tests/test_tracker.py::TestBayesianConfidenceInterval::test_zero_successes PASSED [ 69%]
tests/test_tracker.py::TestEdgeDecayCurveConditionType::test_condition_type_filter_returns_list PASSED [ 69%]
tests/test_tracker.py::TestEdgeDecayCurveConditionType::test_empty_when_no_matching_condition PASSED [ 70%]
tests/test_tracker.py::TestEdgeDecayCurveConditionType::test_high_vs_precip_differ PASSED [ 70%]
tests/test_tracker.py::TestEdgeDecayCurveConditionType::test_no_filter_uses_all PASSED [ 70%]
tests/test_tracker.py::test_get_component_attribution_works PASSED       [ 70%]
tests/test_tracker.py::test_get_component_attribution_returns_per_source_brier PASSED [ 70%]
tests/test_tracker.py::test_log_analysis_attempt_stores_all_markets PASSED [ 70%]
tests/test_tracker.py::test_get_unselected_bias_excludes_traded_markets PASSED [ 70%]
tests/test_tracker.py::test_get_unselected_bias_returns_zero_when_no_data PASSED [ 71%]
tests/test_tracker.py::TestCalibrationTrendUsesMarketDate::test_trend_bucket_uses_market_date_week PASSED [ 71%]
tests/test_tracker.py::TestCalibrationTrendUsesMarketDate::test_trend_returns_list_of_dicts_with_week_brier_n PASSED [ 71%]
tests/test_tracker.py::TestAnalyzeAllMarketsAndBias::test_analyze_all_markets_empty_list_is_noop PASSED [ 71%]
tests/test_tracker.py::TestAnalyzeAllMarketsAndBias::test_analyze_all_markets_logs_all_items PASSED [ 71%]
tests/test_tracker.py::TestAnalyzeAllMarketsAndBias::test_analyze_all_markets_stores_correct_probs PASSED [ 71%]
tests/test_tracker.py::TestAnalyzeAllMarketsAndBias::test_get_analysis_bias_computes_mean_bias PASSED [ 71%]
tests/test_tracker.py::TestAnalyzeAllMarketsAndBias::test_get_analysis_bias_returns_none_with_no_outcomes PASSED [ 71%]
tests/test_tracker.py::TestOptimalThresholdGuard20::test_returns_dict_with_exactly_20_samples PASSED [ 72%]
tests/test_tracker.py::TestOptimalThresholdGuard20::test_returns_none_with_10_samples PASSED [ 72%]
tests/test_tracker.py::TestOptimalThresholdGuard20::test_returns_none_with_19_samples PASSED [ 72%]
tests/test_tracker.py::TestMarketCalibrationQuantile::test_grpb_calibration_bucket_fields PASSED [ 72%]
tests/test_tracker.py::TestMarketCalibrationQuantile::test_grpb_calibration_buckets_equal_frequency PASSED [ 72%]
tests/test_tracker.py::TestMarketCalibrationQuantile::test_grpb_calibration_default_n_buckets_is_10 PASSED [ 72%]
tests/test_tracker.py::TestMarketCalibrationQuantile::test_grpb_calibration_empty_returns_empty_buckets PASSED [ 72%]
tests/test_tracker.py::TestMarketCalibrationQuantile::test_grpb_calibration_n_buckets_param_accepted PASSED [ 73%]
tests/test_tracker.py::TestEdgeDecayCurveConditionTypeGrpB::test_grpb_edge_decay_condition_type_filters PASSED [ 73%]
tests/test_tracker.py::TestEdgeDecayCurveConditionTypeGrpB::test_grpb_edge_decay_no_filter_returns_all PASSED [ 73%]
tests/test_tracker.py::TestEdgeDecayCurveConditionTypeGrpB::test_grpb_edge_decay_returns_list PASSED [ 73%]
tests/test_tracker.py::TestEdgeDecayCurveConditionTypeGrpB::test_grpb_edge_decay_unknown_condition_type_returns_empty PASSED [ 73%]
tests/test_tracker.py::TestEnsembleMemberAccuracyStratified::test_grpb_ensemble_city_filter PASSED [ 73%]
tests/test_tracker.py::TestEnsembleMemberAccuracyStratified::test_grpb_ensemble_empty_returns_none PASSED [ 73%]
tests/test_tracker.py::TestEnsembleMemberAccuracyStratified::test_grpb_ensemble_return_shape PASSED [ 73%]
tests/test_tracker.py::TestEnsembleMemberAccuracyStratified::test_grpb_ensemble_season_filter_excludes_wrong_months PASSED [ 74%]
tests/test_tracker.py::TestEnsembleMemberAccuracyStratified::test_grpb_ensemble_season_winter_oct_to_mar PASSED [ 74%]
tests/test_tracker.py::TestCalibrationByCityConditionTypeGrpB::test_grpb_calib_city_empty_returns_empty_dict PASSED [ 74%]
tests/test_tracker.py::TestCalibrationByCityConditionTypeGrpB::test_grpb_calib_city_filter_above_only PASSED [ 74%]
tests/test_tracker.py::TestCalibrationByCityConditionTypeGrpB::test_grpb_calib_city_filter_changes_brier PASSED [ 74%]
tests/test_tracker.py::TestCalibrationByCityConditionTypeGrpB::test_grpb_calib_city_multi_city PASSED [ 74%]
tests/test_tracker.py::TestCalibrationByCityConditionTypeGrpB::test_grpb_calib_city_no_filter_includes_all_types PASSED [ 74%]
tests/test_tracker.py::TestPerSourceProbColumns::test_columns_exist_after_init PASSED [ 74%]
tests/test_tracker.py::TestPerSourceProbColumns::test_log_prediction_stores_source_probs PASSED [ 75%]
tests/test_tracker.py::TestSourceProbsPassthrough::test_missing_source_probs_stored_as_null PASSED [ 75%]
tests/test_trade_validation.py::test_validate_rejects_zero_edge PASSED   [ 75%]
tests/test_trade_validation.py::test_validate_rejects_negative_edge PASSED [ 75%]
tests/test_trade_validation.py::test_validate_rejects_zero_kelly PASSED  [ 75%]
tests/test_trade_validation.py::test_validate_rejects_missing_ticker PASSED [ 75%]
tests/test_trade_validation.py::test_validate_rejects_stale_data PASSED  [ 75%]
tests/test_trade_validation.py::test_validate_accepts_good_opportunity PASSED [ 76%]
tests/test_trade_validation.py::test_validate_no_fetched_at_accepted PASSED [ 76%]
tests/test_trade_validation.py::test_validate_missing_ensemble_spread_uses_flat_threshold PASSED [ 76%]
tests/test_trade_validation.py::test_validate_low_spread_tier_rejects_edge_below_threshold PASSED [ 76%]
tests/test_trading.py::TestBayesianKellyFraction::test_bayesian_kelly_le_point_estimate PASSED [ 76%]
tests/test_trading.py::TestBayesianKellyFraction::test_converges_toward_point_estimate_with_many_predictions PASSED [ 76%]
tests/test_trading.py::TestBayesianKellyFraction::test_never_negative PASSED [ 76%]
tests/test_trading.py::TestBayesianKellyFraction::test_capped_at_25_percent PASSED [ 76%]
tests/test_trading.py::TestDynamicCorrelationMatrix::test_uses_dynamic_when_available PASSED [ 77%]
tests/test_trading.py::TestDynamicCorrelationMatrix::test_falls_back_to_hardcoded_when_none PASSED [ 77%]
tests/test_trading.py::TestDynamicCorrelationMatrix::test_unknown_pair_returns_zero PASSED [ 77%]
tests/test_trading.py::TestEstimateSlippage::test_near_zero_for_single_contract PASSED [ 77%]
tests/test_trading.py::TestEstimateSlippage::test_zero_at_depth_scale PASSED [ 77%]
tests/test_trading.py::TestEstimateSlippage::test_slippage_increases_with_quantity PASSED [ 77%]
tests/test_trading.py::TestEstimateSlippage::test_capped_at_0_05 PASSED  [ 77%]
tests/test_trading.py::TestTimeDecayEdge::test_full_edge_far_from_close PASSED [ 77%]
tests/test_trading.py::TestTimeDecayEdge::test_zero_at_close_time PASSED [ 78%]
tests/test_trading.py::TestTimeDecayEdge::test_half_edge_at_half_time PASSED [ 78%]
tests/test_trading.py::TestTimeDecayEdge::test_edge_decays_as_close_approaches PASSED [ 78%]
tests/test_trading.py::TestPriceImprovementTracking::test_log_two_entries_stored PASSED [ 78%]
tests/test_trading.py::TestPriceImprovementTracking::test_stats_returns_none_with_fewer_than_5_entries PASSED [ 78%]
tests/test_trading.py::TestSimulateFill::test_small_order_in_deep_market_fully_filled PASSED [ 78%]
tests/test_trading.py::TestSimulateFill::test_large_order_in_thin_market_partially_filled PASSED [ 78%]
tests/test_trading.py::TestSimulateFill::test_fill_price_within_valid_range PASSED [ 79%]
tests/test_trading.py::TestCalcTradePnl::test_yes_win_with_actual_fill_price PASSED [ 79%]
tests/test_trading.py::TestCalcTradePnl::test_yes_loss_uses_actual_fill_price PASSED [ 79%]
tests/test_trading.py::TestCalcTradePnl::test_falls_back_to_entry_price_when_no_actual_fill PASSED [ 79%]
tests/test_trading.py::TestCalcTradePnl::test_no_side_win PASSED         [ 79%]
tests/test_trading.py::TestBayesianKellyFractionBeta::test_accepts_fee_rate_kwarg PASSED [ 79%]
tests/test_trading.py::TestBayesianKellyFractionBeta::test_higher_fee_reduces_fraction PASSED [ 79%]
tests/test_trading.py::TestBayesianKellyFractionBeta::test_beta_posterior_is_conservative PASSED [ 79%]
tests/test_trading.py::TestBayesianKellyFractionBeta::test_zero_for_no_edge PASSED [ 80%]
tests/test_trading.py::TestBayesianKellyFractionBeta::test_capped_at_0_25 PASSED [ 80%]
tests/test_trading.py::TestCorrelationPersistence::test_save_and_reload PASSED [ 80%]
tests/test_trading.py::TestCorrelationPersistence::test_fallback_to_hardcoded_when_file_missing PASSED [ 80%]
tests/test_trading.py::TestCorrelationPersistence::test_save_correlations_valid_json PASSED [ 80%]
tests/test_trading.py::TestCorrelationPersistence::test_unknown_pair_returns_zero_after_load PASSED [ 80%]
tests/test_trading.py::TestSlippageAdjustedPrice::test_buy_yes_increases_price PASSED [ 80%]
tests/test_trading.py::TestSlippageAdjustedPrice::test_buy_no_decreases_price PASSED [ 80%]
tests/test_trading.py::TestSlippageAdjustedPrice::test_zero_slippage_at_quantity_zero PASSED [ 81%]
tests/test_trading.py::TestSlippageAdjustedPrice::test_clamped_to_0_01_0_99 PASSED [ 81%]
tests/test_trading.py::TestSlippageAdjustedPrice::test_place_paper_order_stores_actual_fill_price PASSED [ 81%]
tests/test_trading.py::TestPortfolioKelly::test_single_position_returns_list_of_one PASSED [ 81%]
tests/test_trading.py::TestPortfolioKelly::test_correlated_positions_reduce_fractions PASSED [ 81%]
tests/test_trading.py::TestPortfolioKelly::test_all_fractions_non_negative PASSED [ 81%]
tests/test_trading.py::TestPortfolioKelly::test_returns_same_length_as_input PASSED [ 81%]
tests/test_trading.py::TestPortfolioKelly::test_empty_positions_returns_empty_list PASSED [ 82%]
tests/test_trading.py::test_auto_place_trades_med_tier_uses_20_cap PASSED [ 82%]
tests/test_trading.py::test_auto_place_trades_stops_at_daily_spend_cap PASSED [ 82%]
tests/test_trading.py::test_check_early_exits_closes_position_when_prob_flips PASSED [ 82%]
tests/test_walk_forward.py::TestWalkForwardSplit::test_creates_correct_number_of_folds PASSED [ 82%]
tests/test_walk_forward.py::TestWalkForwardSplit::test_no_data_leakage PASSED [ 82%]
tests/test_walk_forward.py::TestWalkForwardSplit::test_test_period_advances_each_fold PASSED [ 82%]
tests/test_walk_forward.py::TestWalkForwardSplit::test_insufficient_data_returns_empty PASSED [ 82%]
tests/test_walk_forward.py::TestWalkForwardBacktest::test_returns_results_dict PASSED [ 83%]
tests/test_walk_forward.py::TestWalkForwardBacktest::test_each_fold_has_brier_score PASSED [ 83%]
tests/test_walk_forward.py::TestWalkForwardBacktest::test_brier_scores_in_valid_range PASSED [ 83%]
tests/test_walk_forward.py::TestWalkForwardBacktest::test_result_includes_summary PASSED [ 83%]
tests/test_weather.py::TestKellyFraction::test_fee_reduces_kelly PASSED  [ 83%]
tests/test_weather.py::TestKellyFraction::test_fee_wipes_small_edge PASSED [ 83%]
tests/test_weather.py::TestKellyFraction::test_half_kelly PASSED         [ 83%]
tests/test_weather.py::TestKellyFraction::test_negative_edge_returns_zero PASSED [ 84%]
tests/test_weather.py::TestKellyFraction::test_no_edge_returns_zero PASSED [ 84%]
tests/test_weather.py::TestKellyFraction::test_positive_edge PASSED      [ 84%]
tests/test_weather.py::TestNormalCDF::test_above_mean PASSED             [ 84%]
tests/test_weather.py::TestNormalCDF::test_below_mean PASSED             [ 84%]
tests/test_weather.py::TestNormalCDF::test_median PASSED                 [ 84%]
tests/test_weather.py::TestForecastProbability::test_above_condition PASSED [ 84%]
tests/test_weather.py::TestForecastProbability::test_below_condition PASSED [ 84%]
tests/test_weather.py::TestForecastProbability::test_between_condition PASSED [ 85%]
tests/test_weather.py::TestEnsembleStats::test_basic PASSED              [ 85%]
tests/test_weather.py::TestEnsembleStats::test_empty PASSED              [ 85%]
tests/test_weather.py::TestEnsembleStats::test_single PASSED             [ 85%]
tests/test_weather.py::TestParseMarketCondition::test_above_temp PASSED  [ 85%]
tests/test_weather.py::TestParseMarketCondition::test_below_temp PASSED  [ 85%]
tests/test_weather.py::TestParseMarketCondition::test_bucket PASSED      [ 85%]
tests/test_weather.py::TestParseMarketCondition::test_precip_any PASSED  [ 85%]
tests/test_weather.py::TestParseMarketCondition::test_unrecognised_returns_none PASSED [ 86%]
tests/test_weather.py::TestBootstrapCIPrecip::test_all_above_threshold_gives_high_prob PASSED [ 86%]
tests/test_weather.py::TestBootstrapCIPrecip::test_half_above_gives_straddling_ci PASSED [ 86%]
tests/test_weather.py::TestBootstrapCIPrecip::test_none_above_threshold_gives_low_prob PASSED [ 86%]
tests/test_weather.py::TestBootstrapCIPrecip::test_small_sample_returns_full_range PASSED [ 86%]
tests/test_weather.py::TestTimeRisk::test_far_out_returns_high_risk PASSED [ 86%]
tests/test_weather.py::TestTimeRisk::test_missing_close_time_returns_high_risk PASSED [ 86%]
tests/test_weather.py::TestTimeRisk::test_near_close_returns_low_risk PASSED [ 87%]
tests/test_weather.py::TestTimeRisk::test_within_12_hours_returns_medium_or_low PASSED [ 87%]
tests/test_weather.py::TestForecastModelWeights::test_ecmwf_weight_summer PASSED [ 87%]
tests/test_weather.py::TestForecastModelWeights::test_ecmwf_weight_winter PASSED [ 87%]
tests/test_weather.py::TestForecastModelWeights::test_gfs_and_icon_constant PASSED [ 87%]
tests/test_weather.py::TestCIAdjustedKelly::test_ci_adjusted_kelly_minimum_confidence PASSED [ 87%]
tests/test_weather.py::TestCIAdjustedKelly::test_ci_adjusted_kelly_no_reduction_on_zero_ci PASSED [ 87%]
tests/test_weather.py::TestCIAdjustedKelly::test_ci_adjusted_kelly_nonnegative PASSED [ 87%]
tests/test_weather.py::TestCIAdjustedKelly::test_ci_adjusted_kelly_reduces_on_wide_ci PASSED [ 88%]
tests/test_weather_markets.py::TestFeelsLike::test_hot_humid_returns_higher_than_actual PASSED [ 88%]
tests/test_weather_markets.py::TestFeelsLike::test_cold_windy_returns_lower_than_actual PASSED [ 88%]
tests/test_weather_markets.py::TestFeelsLike::test_moderate_conditions_returns_near_actual PASSED [ 88%]
tests/test_weather_markets.py::TestFeelsLike::test_boundary_wind_chill_threshold PASSED [ 88%]
tests/test_weather_markets.py::TestFeelsLike::test_default_params_used PASSED [ 88%]
tests/test_weather_markets.py::TestParseMarketPrice::test_returns_dict_with_expected_keys PASSED [ 88%]
tests/test_weather_markets.py::TestParseMarketPrice::test_cents_converted_to_decimal PASSED [ 88%]
tests/test_weather_markets.py::TestParseMarketPrice::test_implied_prob_is_midpoint PASSED [ 89%]
tests/test_weather_markets.py::TestParseMarketPrice::test_string_prices_parsed PASSED [ 89%]
tests/test_weather_markets.py::TestParseMarketPrice::test_missing_fields_fall_back_to_zero PASSED [ 89%]
tests/test_weather_markets.py::TestParseMarketPrice::test_mid_falls_back_to_yes_bid_when_no_ask PASSED [ 89%]
tests/test_weather_markets.py::TestIsLiquid::test_liquid_market_with_quotes_and_volume PASSED [ 89%]
tests/test_weather_markets.py::TestIsLiquid::test_liquid_market_with_yes_bid_only PASSED [ 89%]
tests/test_weather_markets.py::TestIsLiquid::test_liquid_market_with_volume_only PASSED [ 89%]
tests/test_weather_markets.py::TestIsLiquid::test_liquid_market_with_no_bid_only PASSED [ 90%]
tests/test_weather_markets.py::TestIsLiquid::test_illiquid_market_all_zeros PASSED [ 90%]
tests/test_weather_markets.py::TestIsLiquid::test_illiquid_market_empty_dict PASSED [ 90%]
tests/test_weather_markets.py::TestForecastModelWeights::test_returns_dict_with_expected_keys PASSED [ 90%]
tests/test_weather_markets.py::TestForecastModelWeights::test_winter_month_boosts_ecmwf_weight PASSED [ 90%]
tests/test_weather_markets.py::TestForecastModelWeights::test_all_winter_months_use_high_ecmwf PASSED [ 90%]
tests/test_weather_markets.py::TestForecastModelWeights::test_all_summer_months_use_lower_ecmwf PASSED [ 90%]
tests/test_weather_markets.py::TestForecastModelWeights::test_gfs_and_icon_weights_are_constant PASSED [ 90%]
tests/test_weather_markets.py::TestNormalCdf::test_mean_returns_half PASSED [ 91%]
tests/test_weather_markets.py::TestNormalCdf::test_one_sigma_above_mean PASSED [ 91%]
tests/test_weather_markets.py::TestNormalCdf::test_symmetry PASSED       [ 91%]
tests/test_weather_markets.py::TestNormalCdf::test_shifted_mean PASSED   [ 91%]
tests/test_weather_markets.py::TestNormalCdf::test_two_sigma_above_mean PASSED [ 91%]
tests/test_weather_markets.py::TestNormalCdf::test_zero_sigma_returns_step PASSED [ 91%]
tests/test_weather_markets.py::test_ensemble_confidence_scale_high_std_reduces_ens_weight PASSED [ 91%]
tests/test_weather_markets.py::test_ensemble_confidence_scale_no_std_unchanged PASSED [ 92%]
tests/test_weather_markets.py::test_ensemble_confidence_scale_clamped PASSED [ 92%]
tests/test_weather_markets.py::test_wet_bulb_temp_approximation PASSED   [ 92%]
tests/test_weather_markets.py::test_snow_to_liquid_ratio_dry_cold PASSED [ 92%]
tests/test_weather_markets.py::test_snow_to_liquid_ratio_borderline PASSED [ 92%]
tests/test_weather_markets.py::test_snow_to_liquid_ratio_above_freezing PASSED [ 92%]
tests/test_weather_markets.py::test_snow_prob_uses_slr_not_1_to_10 PASSED [ 92%]
tests/test_weather_markets.py::TestKellyCap::test_kelly_fraction_caps_at_33_pct PASSED [ 92%]
tests/test_weather_markets.py::TestEnsembleStats::test_empty_list_returns_empty_dict PASSED [ 93%]
tests/test_weather_markets.py::TestEnsembleStats::test_single_element_std_is_zero PASSED [ 93%]
tests/test_weather_markets.py::TestEnsembleStats::test_returns_all_required_keys PASSED [ 93%]
tests/test_weather_markets.py::TestEnsembleStats::test_mean_std_correct PASSED [ 93%]
tests/test_weather_markets.py::TestEnsembleStats::test_min_max_correct PASSED [ 93%]
tests/test_weather_markets.py::TestEnsembleStats::test_p10_less_than_p90 PASSED [ 93%]
tests/test_weather_markets.py::TestBootstrapCI::test_too_few_members_returns_wide_ci PASSED [ 93%]
tests/test_weather_markets.py::TestBootstrapCI::test_small_n_under_30_returns_wide_ci PASSED [ 93%]
tests/test_weather_markets.py::TestBootstrapCI::test_above_condition_clear_outcome PASSED [ 94%]
tests/test_weather_markets.py::TestBootstrapCI::test_below_condition_returns_valid_tuple PASSED [ 94%]
tests/test_weather_markets.py::TestBootstrapCI::test_between_condition_returns_valid_tuple PASSED [ 94%]
tests/test_weather_markets.py::TestCensoringCorrection::test_no_censoring_returns_mean_unchanged PASSED [ 94%]
tests/test_weather_markets.py::TestCensoringCorrection::test_censoring_at_zero_shrinks_toward_half PASSED [ 94%]
tests/test_weather_markets.py::TestCensoringCorrection::test_censoring_at_one_shrinks_toward_half PASSED [ 94%]
tests/test_weather_markets.py::TestCensoringCorrection::test_exactly_at_threshold_applies_correction PASSED [ 94%]
tests/test_weather_markets.py::TestCensoringCorrection::test_result_clamped_between_zero_and_one PASSED [ 95%]
tests/test_weather_markets.py::TestCensoringCorrection::test_empty_list_returns_half PASSED [ 95%]
tests/test_weather_markets.py::TestCensoringCorrection::test_correction_formula_values PASSED [ 95%]
tests/test_weather_markets.py::TestEdgeConfidence::test_day_0_returns_one PASSED [ 95%]
tests/test_weather_markets.py::TestEdgeConfidence::test_day_2_returns_one PASSED [ 95%]
tests/test_weather_markets.py::TestEdgeConfidence::test_day_14_returns_0_60 PASSED [ 95%]
tests/test_weather_markets.py::TestEdgeConfidence::test_floor_at_day_20 PASSED [ 95%]
tests/test_weather_markets.py::TestEdgeConfidence::test_day_7_in_linear_segment PASSED [ 95%]
tests/test_weather_markets.py::TestEdgeConfidence::test_monotonically_decreasing PASSED [ 96%]
tests/test_weather_markets.py::TestAdjustedEdgeInAnalyzeTrade::test_analyze_trade_returns_adjusted_edge_key SKIPPED [ 96%]
tests/test_weather_markets.py::TestBlendWeightCalibrationPriority::test_city_weights_override_hardcoded PASSED [ 96%]
tests/test_weather_markets.py::TestBlendWeightCalibrationPriority::test_seasonal_weights_used_when_no_city_weights PASSED [ 96%]
tests/test_weather_markets.py::TestBlendWeightCalibrationPriority::test_fallback_to_hardcoded_when_no_calibration PASSED [ 96%]
tests/test_weather_markets.py::test_analyze_trade_result_has_model_consensus_field PASSED [ 96%]
tests/test_weather_markets.py::test_model_consensus_false_when_models_disagree PASSED [ 96%]
tests/test_weather_markets.py::test_om_rate_limit_enforces_interval PASSED [ 96%]
tests/test_web_app.py::test_balance_history_default_50 PASSED            [ 97%]
tests/test_web_app.py::test_balance_history_range_all PASSED             [ 97%]
tests/test_web_app.py::test_balance_history_invalid_range_default PASSED [ 97%]
tests/test_web_app.py::test_get_live_market_snapshot_returns_list PASSED [ 97%]
tests/test_web_app.py::test_build_stream_data_has_markets_key PASSED     [ 97%]
tests/test_web_app.py::test_balance_history_range_1mo PASSED             [ 97%]
tests/test_web_app.py::test_balance_history_range_3mo PASSED             [ 97%]
tests/test_web_app.py::test_dashboard_route_returns_200_with_title PASSED [ 98%]
tests/test_web_app.py::test_analytics_route_returns_200_with_title PASSED [ 98%]
tests/test_web_app.py::test_api_graduation_returns_correct_shape PASSED  [ 98%]
tests/test_web_app.py::test_api_brier_history_returns_list PASSED        [ 98%]
tests/test_web_app.py::test_risk_route_returns_200_with_title PASSED     [ 98%]
tests/test_web_app.py::test_api_risk_returns_correct_shape PASSED        [ 98%]
tests/test_web_app.py::test_trades_route_returns_200_with_title PASSED   [ 98%]
tests/test_web_app.py::test_api_trades_returns_correct_shape PASSED      [ 98%]
tests/test_web_app.py::test_signals_route_returns_200_with_title PASSED  [ 99%]
tests/test_web_app.py::test_api_signals_returns_correct_shape PASSED     [ 99%]
tests/test_web_app.py::test_forecast_route_returns_200_with_title PASSED [ 99%]
tests/test_web_app.py::test_api_forecast_quality_returns_correct_shape PASSED [ 99%]
tests/test_web_app.py::test_balance_history_range_3mo_longer_than_default PASSED [ 99%]
tests/test_web_app.py::test_model_attribution_endpoint_returns_city_keys PASSED [ 99%]
tests/test_web_app.py::test_stream_markets_content_type PASSED           [ 99%]
tests/test_web_app.py::test_price_improvement_endpoint_returns_valid_json PASSED [100%]

================================== FAILURES ===================================
_________________ TestCronLock.test_lock_released_in_finally __________________

self = <tests.test_execution_stability.TestCronLock object at 0x00000183919D3CE0>
tmp_path = WindowsPath('C:/Users/thesa/AppData/Local/Temp/pytest-of-thesa/pytest-138/test_lock_released_in_finally0')
monkeypatch = <_pytest.monkeypatch.MonkeyPatch object at 0x0000018391B5DB70>

    def test_lock_released_in_finally(self, tmp_path, monkeypatch):
        """_release_cron_lock() is called even when cmd_cron raises mid-run."""
        main = _import_main()
        lock = tmp_path / ".cron.lock"
        monkeypatch.setattr(main, "LOCK_PATH", lock)
    
        release_calls: list[int] = []
        monkeypatch.setattr(main, "_acquire_cron_lock", lambda: True)
        monkeypatch.setattr(main, "_write_cron_running_flag", lambda: None)
        monkeypatch.setattr(main, "_check_startup_orders", lambda: None)
        monkeypatch.setattr(main, "_clear_cron_running_flag", lambda: None)
        original_release = main._release_cron_lock
        monkeypatch.setattr(
            main,
            "_release_cron_lock",
            lambda: release_calls.append(1) or original_release(),
        )
    
        # Force cmd_cron to explode immediately after the lock-and-flag setup
        monkeypatch.setattr(
            main,
            "get_weather_markets",
            lambda c: (_ for _ in ()).throw(RuntimeError("boom")),
        )
        # Stub other guards so we get past them
        monkeypatch.setattr(
            "paper.get_state_snapshot",
            lambda: {"balance": 0.0, "open_trades_count": 0, "peak_balance": 0.0},
        )
    
>       with pytest.raises(SystemExit):
             ^^^^^^^^^^^^^^^^^^^^^^^^^
E       Failed: DID NOT RAISE <class 'SystemExit'>

tests\test_execution_stability.py:304: Failed
------------------------------ Captured log call ------------------------------
CRITICAL alerts:alerts.py:383 BLACK SWAN HALT ACTIVATED: BLACK SWAN ù Brier score collapse: 0.4932 (threshold: 0.3, random baseline: 0.25) ù kill switch engaged. Run `py main.py resume` after investigation to re-enable.
CRITICAL main:main.py:2248 cmd_cron: BLACK SWAN conditions triggered ù halting. Conditions: ['BLACK SWAN ù Brier score collapse: 0.4932 (threshold: 0.3, random baseline: 0.25)']
____________ TestBlackSwanMode.test_no_conditions_on_clean_trades _____________

self = <tests.test_p9_p10.TestBlackSwanMode object at 0x0000018391D49950>

    def test_no_conditions_on_clean_trades(self):
        from alerts import check_black_swan_conditions
    
        trades = [{"outcome": "yes"} for _ in range(5)]
        result = check_black_swan_conditions(trades, balance=1000, peak_balance=1000)
>       assert result == []
E       AssertionError: assert ['BLACK SWAN ...eline: 0.25)'] == []
E         
E         Left contains one more item: 'BLACK SWAN ù Brier score collapse: 0.4932 (threshold: 0.3, random baseline: 0.25)'
E         
E         Full diff:
E         - []
E         + [
E         +     'BLACK SWAN ù Brier score collapse: 0.4932 (threshold: 0.3, random '
E         +     'baseline: 0.25)',
E         + ]

tests\test_p9_p10.py:263: AssertionError
______________________ test_cmd_cron_logs_state_snapshot ______________________

tmp_path = WindowsPath('C:/Users/thesa/AppData/Local/Temp/pytest-of-thesa/pytest-138/test_cmd_cron_logs_state_snaps0')
monkeypatch = <_pytest.monkeypatch.MonkeyPatch object at 0x0000018391D8D5C0>

    def test_cmd_cron_logs_state_snapshot(tmp_path, monkeypatch):
        """cmd_cron must log a state snapshot line on each run."""
        import logging
    
        import main
        import paper
    
        monkeypatch.setattr(paper, "DATA_PATH", tmp_path / "paper_trades.json")
        importlib.reload(paper)
    
        # Patch out everything that would make cron do real work
        monkeypatch.setattr(main, "get_weather_markets", lambda client: [])
        monkeypatch.setattr(
            paper,
            "get_state_snapshot",
            lambda: {
                "balance": 1000.0,
                "open_trades_count": 0,
                "peak_balance": 1000.0,
                "snapshot_at": "2026-01-01T00:00:00+00:00",
            },
        )
    
        log_records = []
    
        class Capture(logging.Handler):
            def emit(self, record):
                log_records.append(record)
    
        handler = Capture()
        handler.setLevel(logging.DEBUG)
        main_logger = logging.getLogger("main")
        main_logger.setLevel(logging.DEBUG)
        main_logger.addHandler(handler)
        try:
            from unittest.mock import MagicMock
    
            client = MagicMock()
            main.cmd_cron(client)
        except BaseException:
            pass  # cron ends with sys.exit(0) ù that's fine
        finally:
            main_logger.removeHandler(handler)
            main_logger.setLevel(logging.NOTSET)
    
        snapshot_logged = any(
            "snapshot" in r.getMessage().lower() or "balance" in r.getMessage().lower()
            for r in log_records
        )
>       assert snapshot_logged, "cmd_cron must log a state snapshot on each run"
E       AssertionError: cmd_cron must log a state snapshot on each run
E       assert False

tests\test_state_consistency.py:100: AssertionError
---------------------------- Captured stdout call -----------------------------
\x1b[31m\x1b[1m\n  \u26a0  KILL SWITCH ACTIVE \u2014 trading halted. Delete data/.kill_switch to resume.\n\x1b[0m
------------------------------ Captured log call ------------------------------
CRITICAL main:main.py:2212 KILL SWITCH ACTIVATED ù halting cron execution immediately. Remove data/.kill_switch to resume.
=========================== short test summary info ===========================
FAILED tests/test_execution_stability.py::TestCronLock::test_lock_released_in_finally
FAILED tests/test_p9_p10.py::TestBlackSwanMode::test_no_conditions_on_clean_trades
FAILED tests/test_state_consistency.py::test_cmd_cron_logs_state_snapshot - A...
============ 3 failed, 757 passed, 3 skipped in 198.01s (0:03:18) =============
